{ {
    function_name = "main",
    line_number = 8
  }, {
    function_name = "sub_8039880",
    line_number = 11
  } }