{ {
    function_name = "Test1::new",
    line_number = 7
  }, {
    function_name = "Test2::index",
    line_number = 19
  }, {
    function_name = "main",
    line_number = 29
  } }
