{ {
    function_name = "getInstance",
    line_number = 13
  }, {
    function_name = "~App",
    line_number = 20
  }, {
    function_name = "App",
    line_number = 22
  }, {
    function_name = "getKeyPress",
    line_number = 24
  }, {
    function_name = "pushKey",
    line_number = 26
  }, {
    function_name = "drawMainWinList",
    line_number = 28
  } }